2026-08-04T16:20:10.4422975-05:00 supervisor started; repo=D:\algoverse
2026-08-04T16:20:10.7046604-05:00 waiting for active post-stop process (pid=31040)
2026-08-04T16:21:10.8652719-05:00 waiting for active post-stop process (pid=31040)
2026-08-04T16:22:11.0179509-05:00 waiting for active post-stop process (pid=31040)
2026-08-04T16:23:11.0986008-05:00 waiting for active post-stop process (pid=31040)
2026-08-04T16:24:11.2016279-05:00 waiting for active post-stop process (pid=31040)
2026-08-04T16:25:11.3161453-05:00 waiting for active post-stop process (pid=31040)
2026-08-04T16:26:11.4577402-05:00 waiting for active post-stop process (pid=31040)
2026-08-04T16:27:11.5426759-05:00 waiting for active post-stop process (pid=31040)
2026-08-04T16:28:11.6408023-05:00 waiting for active post-stop process (pid=31040)
2026-08-04T16:29:11.7483051-05:00 waiting for active post-stop process (pid=31040)
2026-08-04T16:30:11.8664920-05:00 waiting for active post-stop process (pid=31040)
2026-08-04T16:31:11.9969184-05:00 waiting for active post-stop process (pid=31040)
2026-08-04T16:32:12.1161423-05:00 waiting for active post-stop process (pid=31040)
2026-08-04T16:33:12.2503948-05:00 waiting for active post-stop process (pid=31040)
2026-08-04T16:34:12.3794203-05:00 waiting for active post-stop process (pid=31040)
2026-08-04T16:35:12.4776318-05:00 waiting for active post-stop process (pid=31040)
2026-08-04T16:36:12.5896218-05:00 waiting for active post-stop process (pid=31040)
2026-08-04T16:37:12.7028571-05:00 waiting for active post-stop process (pid=31040)
2026-08-04T16:38:12.8371485-05:00 waiting for active post-stop process (pid=31040)
2026-08-04T16:39:12.9423388-05:00 waiting for active post-stop process (pid=31040)
2026-08-04T16:40:13.1486527-05:00 waiting for active post-stop process (pid=31040)
2026-08-04T16:41:13.2456782-05:00 waiting for active post-stop process (pid=31040)
2026-08-04T16:42:13.3548826-05:00 waiting for active post-stop process (pid=31040)
2026-08-04T16:43:13.4669369-05:00 waiting for active post-stop process (pid=31040)
2026-08-04T16:44:13.5966389-05:00 waiting for active post-stop process (pid=31040)
2026-08-04T16:45:13.7220920-05:00 waiting for active post-stop process (pid=31040)
2026-08-04T16:46:13.8696605-05:00 waiting for active post-stop process (pid=31040)
2026-08-04T16:47:14.0005070-05:00 waiting for active post-stop process (pid=31040)
2026-08-04T16:48:14.1166477-05:00 waiting for active post-stop process (pid=31040)
2026-08-04T16:49:14.2431946-05:00 waiting for active post-stop process (pid=31040)
2026-08-04T16:50:14.3759977-05:00 waiting for active post-stop process (pid=31040)
2026-08-04T16:51:14.5117773-05:00 waiting for active post-stop process (pid=31040)
2026-08-04T16:52:14.6655706-05:00 waiting for active post-stop process (pid=31040)
2026-08-04T16:53:14.7846129-05:00 waiting for active post-stop process (pid=31040)
2026-08-04T16:54:14.8854459-05:00 waiting for active post-stop process (pid=31040)
2026-08-04T16:55:14.9897978-05:00 waiting for active post-stop process (pid=31040)
2026-08-04T16:56:15.1865653-05:00 waiting for active post-stop process (pid=31040)
2026-08-04T16:57:15.3287648-05:00 waiting for active post-stop process (pid=31040)
2026-08-04T16:58:15.4673280-05:00 waiting for active post-stop process (pid=31040)
2026-08-04T16:59:15.5695753-05:00 waiting for active post-stop process (pid=31040)
2026-08-04T17:00:15.7195689-05:00 waiting for active post-stop process (pid=31040)
2026-08-04T17:01:15.8032546-05:00 waiting for active post-stop process (pid=31040)
2026-08-04T17:02:15.9013754-05:00 waiting for active post-stop process (pid=31040)
2026-08-04T17:03:15.9934936-05:00 waiting for active post-stop process (pid=31040)
2026-08-04T17:04:16.1330629-05:00 waiting for active post-stop process (pid=31040)
2026-08-04T17:05:16.2412699-05:00 waiting for active post-stop process (pid=31040)
2026-08-04T17:06:16.4564019-05:00 waiting for active post-stop process (pid=31040)
2026-08-04T17:07:16.6120919-05:00 waiting for active post-stop process (pid=31040)
2026-08-04T17:08:16.7224589-05:00 waiting for active post-stop process (pid=31040)
2026-08-04T17:09:16.8375148-05:00 waiting for active post-stop process (pid=31040)
2026-08-04T17:10:16.9591116-05:00 waiting for active post-stop process (pid=31040)
2026-08-04T17:11:17.0887330-05:00 waiting for active post-stop process (pid=31040)
2026-08-04T17:12:17.1846282-05:00 waiting for active post-stop process (pid=31040)
2026-08-04T17:13:17.2949614-05:00 waiting for active post-stop process (pid=31040)
2026-08-04T17:14:17.3868003-05:00 waiting for active post-stop process (pid=31040)
2026-08-04T17:15:17.4604880-05:00 waiting for active post-stop process (pid=31040)
2026-08-04T17:16:17.6245477-05:00 waiting for active post-stop process (pid=31040)
2026-08-04T17:17:17.7317550-05:00 waiting for active post-stop process (pid=31040)
2026-08-04T17:18:17.8341952-05:00 waiting for active post-stop process (pid=31040)
2026-08-04T17:19:17.9091243-05:00 waiting for active post-stop process (pid=31040)
2026-08-04T17:20:18.0015637-05:00 waiting for active post-stop process (pid=31040)
2026-08-04T17:21:18.1611434-05:00 waiting for active post-stop process (pid=31040)
2026-08-04T17:22:18.2911339-05:00 waiting for active post-stop process (pid=31040)
2026-08-04T17:23:18.4334849-05:00 waiting for active post-stop process (pid=31040)
2026-08-04T17:24:18.5565248-05:00 waiting for active post-stop process (pid=31040)
2026-08-04T17:25:18.6895224-05:00 waiting for active post-stop process (pid=31040)
2026-08-04T17:26:18.8061520-05:00 waiting for active post-stop process (pid=31040)
2026-08-04T17:27:18.9298178-05:00 waiting for active post-stop process (pid=31040)
2026-08-04T17:28:19.0517584-05:00 waiting for active post-stop process (pid=31040)
2026-08-04T17:29:24.3448819-05:00 validated existing complete cell ckpt=0 seed=42
2026-08-04T17:29:24.5695454-05:00 launching ckpt=50 seed=42
2026-08-04T18:20:19.5821177-05:00 completed ckpt=50 seed=42
2026-08-04T18:20:19.7873397-05:00 launching ckpt=100 seed=42
2026-08-04T19:26:16.3515946-05:00 STOPPED: Stage-B wrapper exited 1 for ckpt=100 seed=42
